// Vitest Snapshot v1, https://vitest.dev/guide/snapshot.html

exports[`ServiceAdminMain Component > renders the service details correctly 1`] = `
<div>
  <div
    class="col-md-4"
  >
    <div
      class="card rounded-2 shadow h-100"
    >
      <div
        class="image-wrapper"
      >
        <img
          alt="service image"
          class="img-fluid rounded-top-2"
          src="https://example.com/image.png"
        />
        <div
          class="hover-overlay"
        >
          <button
            class="btn btn-warning btn-sm mx-1"
          >
            Edit
          </button>
          <button
            class="btn btn-danger btn-sm mx-1"
          >
            Delete
          </button>
        </div>
      </div>
      <div
        class="card-body text-start d-flex flex-column justify-content-evenly"
      >
        <h5>
          Eco Consultation
        </h5>
        <p
          class="mt-2"
        >
          We offer eco-friendly business solutions.
        </p>
        <hr />
        <section
          class="d-flex justify-content-between align-items-center"
        >
          <p
            class="primary-color fw-bold m-0"
          >
            2 hr 30 min
          </p>
          <p
            class="primary-color fw-bold m-0"
          >
            KES 5000
          </p>
          <p
            class="status-color fw-bold border rounded-pill p-2 m-0 "
          >
            active
          </p>
        </section>
      </div>
    </div>
  </div>
</div>
`;
